// Jest Snapshot v1, https://goo.gl/fbAQLP

exports[`should render one expense passed through props 1`] = `
<div>
  Page not found.
  <Link
    replace={false}
    to="/"
  >
    Go home.
  </Link>
</div>
`;
